// Jest Snapshot v1, https://goo.gl/fbAQLP

exports[`snapshot test render correctly 1`] = `
<h1>
  This is a new shit
</h1>
`;
